 orbit  ~/work                                                  unread 0/5    autopilot ●    4 repos
────────────────────────────────────────────────────────────────────────────────────────────────────

  Nothing needs you.

  4 repositories, and no tasks written against any of them yet.
  Press n to write one.




















────────────────────────────────────────────────────────────────────────────────────────────────────
 nothing is running · nothing to do
 [n] new  [/] filter  [?] [q]
