 [orbit]   ~/work           📦 4 repos    🧠 claude    🌐 EN
────────────────────────────────────────────────────────────
  $0.00 spent  ·  15 tasks  ·  0 events  ·  0ms read
  🛑 NEEDS YOU (3) ───────────────────────────────────────
▸ ACME-2662  Retry the webhook o…  failed: gates        31m
  ACME-2701  Move the assets cron  waiting: review       4m
  ACME-2698  Fix the swagger lint  abandoned             3h

  ⚡ RUNNING (2) ─────────────────────────────────────────
  ACME-2705  Reconciliation endp…  implement             8m
  ACME-2706  Index on settlements  review 2/3            3m

  📋 TO DO (4) ─────────────────────────────────────  ⏎ open

  🏁 DONE TODAY (6) ────────────────────────────────  ⏎ open


────────────────────────────────────────────────────────────
 ACME-2705 · implement · 8m in · claude/opus · careful
 [↑↓] move  [?] [q]         ⚡ autopilot ● [A]    💬 cli [c]
