 ◉ orbit    📋 To Do 0   ⚡ Running 0   💬 Needs You 0   🏁 Done 0  📦 4 repos    🧠 claude    🌐 EN
────────────────────────────────────────────────────────────────────────────────────────────────────
  $0.00 spent  ·  0 tasks  ·  0 events


  Nothing needs you.

  4 repositories, and no tasks written against any of them yet.
  Write one with `orbit new <id>`, then press n to start it.
















 ╭────────────────────────────────────────────────────────────────────────────────────────────────╮ 
 │ nothing is running · nothing to do                                                             │ 
 ╰────────────────────────────────────────────────────────────────────────────────────────────────╯ 

 [n] start a run  [/] filter  [?] [q]                               ⚡ autopilot ● [A]    💬 cli [c]
