 [orbit]   ~/work                   📦 4 repos    ⚡ autopilot ●    🧠 claude    🌐 EN    unread 0/5
────────────────────────────────────────────────────────────────────────────────────────────────────
  $0.00 spent  ·  0 todo · 0 in flight · 0 needs you · 0 done  ·  0 events  ·  0ms read

  Nothing needs you.

  4 repositories, and no tasks written against any of them yet.
  Write one with `orbit new <id>`, then press n to start it.



















────────────────────────────────────────────────────────────────────────────────────────────────────
 nothing is running · nothing to do
 [n] start a run  [/] filter  [?] [q]
