 [orbit]   ~/work                                            📦 4 repositorios    🧠 claude    🌐 ES
────────────────────────────────────────────────────────────────────────────────────────────────────
  $0.00 gastado  ·  15 tareas  ·  0 eventos  ·  0ms lectura
  🛑 TE NECESITAN (3) ────────────────────────────────────────────────────────────────────────────
▸ payments  ACME-2662  Retry the webhook on 5xx                      falló: gates               31m
  app       ACME-2701  Move the assets cron                          espera: review              4m
  payments  ACME-2698  Fix the swagger lint                          abandonada                  3h

  ⚡ EN MARCHA (2) ───────────────────────────────────────────────────────────────────────────────
  app       ACME-2705  Reconciliation endpoint                       implement        opus       8m
  payments  ACME-2706  Index on settlements                          review 2/3       opus       3m

  📋 POR HACER (4) ────────────────────────────────────────────────────────────────────────  ⏎ abrir

  🏁 TERMINADAS HOY (6) ───────────────────────────────────────────────────────────────────  ⏎ abrir












────────────────────────────────────────────────────────────────────────────────────────────────────
 ACME-2705 · implement · lleva 8m · claude/opus · careful
 [↑↓] moverse  [⏎] abrir  [?] [q]                   ⚡ piloto automático ●    💬 cli interactiva [c]
