 [orbit]   ~/work                                     📦 4 ŕépóš    🧠 claude    🌐 ÉÑ    úñŕéáð 3/5
────────────────────────────────────────────────────────────────────────────────────────────────────
  $0.00 špéñţ  ·  4 ţóðó · 3 íñ fłíghţ · 2 ñééðš ýóú · 6 ðóñé  ·  0 évéñţš  ·  0mš ŕéáð
 🛑 ÑÉÉÐŠ ÝÓÚ  3│ ACME-2662  Retry the webhook on 5xx    payments · fáíłéð: gates
▸  payments  ACME-2662  Retry the …│ [1 óvéŕvíéw] [2] [3] [4] [5] [6] [7] [8] [9] [0] [w]
   app       ACME-2701  Move the a…│  ţhíš ţášk íš ñó łóñgéŕ óñ ţhé bóáŕð                          …
   payments  ACME-2698  Fix the sw…│                                                               …
│                                                               …
 ⚡ ŔÚÑÑÍÑG  2│                                                               …
   app       ACME-2705  Reconcilia…│                                                               …
   payments  ACME-2706  Index on s…│                                                               …
│                                                               …
 📋 ŢÓ ÐÓ  4                 ⏎ ópéñ│                                                               …
│                                                               …
 🏁 ÐÓÑÉ ŢÓÐÁÝ  6            ⏎ ópéñ│                                                               …
│                                                               …
│                                                               …
│                                                               …
│                                                               …
│                                                               …
│                                                               …
│                                                               …
│                                                               …
│                                                               …
│                                                               …
│                                                               …
│
────────────────────────────────────────────────────────────────────────────────────────────────────
 ACME-2705 · implement · 8m íñ · claude/opus · careful
 [↑↓] móvé  [⏎] ópéñ  [n] šţáŕţ á ŕúñ  [t] ţáké ţhé kéýbóáŕð  [/] fíłţéŕ  [?] [q]
