 [orbit]   ~/work                   📦 4 repos    ⚡ autopilot ●    🧠 claude    🌐 EN    unread 3/5
────────────────────────────────────────────────────────────────────────────────────────────────────
  $0.00 spent  ·  4 todo · 3 in flight · 2 needs you · 6 done  ·  0 events  ·  0ms read
 🛑 NEEDS YOU  3│ ACME-2662  Retry the webhook on 5xx    payments · failed: gates
▸  payments  ACME-2662  Retry the …│ [1 overview] [2] [3] [4] [5] [6] [7] [8] [9] [0] [w]
   app       ACME-2701  Move the a…│  this task is no longer on the board                          …
   payments  ACME-2698  Fix the sw…│                                                               …
│                                                               …
 ⚡ RUNNING  2│                                                               …
   app       ACME-2705  Reconcilia…│                                                               …
   payments  ACME-2706  Index on s…│                                                               …
│                                                               …
 📋 TO DO  4                 ⏎ open│                                                               …
│                                                               …
 🏁 DONE TODAY  6            ⏎ open│                                                               …
│                                                               …
│                                                               …
│                                                               …
│                                                               …
│                                                               …
│                                                               …
│                                                               …
│                                                               …
│                                                               …
│                                                               …
│                                                               …
│
────────────────────────────────────────────────────────────────────────────────────────────────────
 ACME-2705 · implement · 8m in · claude/opus · careful
 [↑↓] move  [⏎] open  [n] start a run  [t] take the keyboard  [/] filter  [?] [q]
