 ◉ orbit   ~/work                                            📦 4 repositorios    🧠 claude    🌐 ES
────────────────────────────────────────────────────────────────────────────────────────────────────
  $0.00 gastado  ·  15 tareas  ·  0 eventos  ·  ⠋
   [ 1 Manual ]     2 Desde URL (Linear / Jira / GitHub)   

❯  flujo:           ● 🛡️ careful     🚀 quick     ⚡ task     ⚡ tdd-fuzz-pr     ➕ Nuevo   (←/→ pa…
                  ↳ 1 implement · claude/opus
                    2 review · claude/opus · ⏸ te espera
                    3 fix · claude/opus
                    Thorough multiphase workflow with human review gates and fix cycles. Best for
                    complex, mission-critical features where code quality and careful verification
                    are essential.
   id:            ¿cómo se llama? (ej. ORBIT-42)
   tarea:         ┌────────────────────────────────────────────────────────────┐   📋 Pegar (^V)  
                  │ ¿qué hay que hacer?                                        │
                  │                                                            │
                  │                                                            │
                  └────────────────────────────────────────────────────────────┘

  [ ↵ Guardar ]   [ ^R Guardar y Ejecutar ]   [ esc Cancelar ]   ⚡ piloto automático ACTIVO: se in…





 ╭────────────────────────────────────────────────────────────────────────────────────────────────╮ 
 │ ACME-2705 · implement · lleva 8m · claude/opus · careful                                       │ 
 ╰────────────────────────────────────────────────────────────────────────────────────────────────╯ 

 [↑↓] moverse  [⏎] abrir  [n] poner en marcha  [?] [q]                    ⚡ piloto automático ● [A]
