 [orbit]    📋 Por hacer 4   ⚡ En curso 3   💬 En revisión 2   🏁 Lista 6       📦 4 repos    🌐 EN
────────────────────────────────────────────────────────────────────────────────────────────────────
  $0.00 spent  ·  15 tasks  ·  0 events  ·  0ms read
 ACME-2662  Retry the webhook on 5xx                                        payments · failed: gates
 [1] [2] [3] [4] [5] [6] [7] [8] [9]  [0 diff]  [w]                                        attempt 2
 diff --git a/retry.go b/retry.go                                                                   
 index 3f1c9a2..a77b104 100644                                                                      
 --- a/retry.go                                                                                     
 +++ b/retry.go                                                                                     
 @@ -28,7 +28,12 @@ func send(req *http.Request) error {                                            
      resp, err := do(req)                                                                          
      if err != nil {                                                                               
          return err                                                                                
      }                                                                                             
 +    if resp.StatusCode >= 500 {                                                                   
 +        return backoff(req, resp)                                                                 
 +    }                                                                                             
      return nil                                                                                    
  }                                                                                                 
                                                                                                    
                                                                                                    
                                                                                                    
                                                                                                    
                                                                                                    
                                                                                                    
                                                                                                    

────────────────────────────────────────────────────────────────────────────────────────────────────
 ACME-2705 · implement · 8m in · claude/opus · careful                   ⚡ autopilot ●    🧠 claude
 [esc] back  [tab] next tab  [o] open in $EDITOR  [↑↓] scroll  [?] [q]
