
 ◉ orbit   ~/work                                            📦 4 repositorios    🧠 claude    🌐 ES
────────────────────────────────────────────────────────────────────────────────────────────────────
  $0.00 gastado  ·  15 tareas  ·  0 eventos  ·  ⠋

 ACME-2662  Retry the webhook on 5xx                                                        payments

   flujo  careful                              quick · task · tdd-fuzz-pr · careful  [+] nuevo flujo

   motor     claude · opus · esfuerzo:low · thinking: activado

   ❯ implement   claude   opus   permisos: repo
     review      claude   opus   permisos: repo · se detiene al terminar
     fix         claude   opus   permisos: repo

   piloto automático  ● activado      cada fase se ejecuta sin preguntar
                      ○ desactivado   se detiene en cada fase








────────────────────────────────────────────────────────────────────────────────────────────────────
 ACME-2705 · implement · lleva 8m · claude/opus · careful
────────────────────────────────────────────────────────────────────────────────────────────────────
 [⏎] ejecutar  [f] cambiar de flujo  [+] crear flujo  [m] [?] [q]         ⚡ piloto automático ● [A]

