 [orbit]    📋 To Do 4   ⚡ Running 3   💬 Needs You 2   🏁 Done 6  📦 4 repos    🧠 claude    🌐 EN
────────────────────────────────────────────────────────────────────────────────────────────────────
  $0.00 spent  ·  15 tasks  ·  0 events  ·  0ms read
 ACME-2662  Retry the webhook on 5xx                                                        payments

   flow  careful                               quick · task · tdd-fuzz-pr · careful  [+] nuevo flujo

   motor     claude · sonnet · effort:high · thinking: on     [m] modelo  [o] esfuerzo  [t] thinking

   ▸ implement   claude   opus   permissions: repo
     review      claude   opus   permissions: repo · stops when it is done
     fix         claude   opus   permissions: repo

   autopilot  ● on    every phase runs without asking
              ○ off   stops at each phase












────────────────────────────────────────────────────────────────────────────────────────────────────
 ACME-2705 · implement · 8m in · claude/opus · careful
 [⏎] run it  [f] change flow  [+] crear flujo  [m] modelo  [?] [q]                ⚡ autopilot ● [A]
