
 ◉ orbit    📋 To Do 4   ⚡ Running 2   💬 Needs You 3   🏁 Done 6  📦 4 repos    🧠 claude    🌐 EN
────────────────────────────────────────────────────────────────────────────────────────────────────
  $0.00 spent  ·  15 tasks  ·  0 events  ·  ⠋

 ACME-2662  Retry the webhook on 5xx                                                        payments

   flow  careful                                  quick · task · tdd-fuzz-pr · careful  [+] new flow

   engine     claude · opus · effort:low · thinking: on          [m] model  [o] effort  [t] thinking

   ❯ implement   claude   opus   permissions: repo
     review      claude   opus   permissions: repo · stops when it is done
     fix         claude   opus   permissions: repo

   autopilot  ● on    every phase runs without asking
              ○ off   stops at each phase








────────────────────────────────────────────────────────────────────────────────────────────────────
 ACME-2705 · implement · 8m in · claude/opus · careful
────────────────────────────────────────────────────────────────────────────────────────────────────
 [⏎] run it  [f] change flow  [+] new flow  [m] model  [o] effort  [?] [q]        ⚡ autopilot ● [A]

